// Jest Snapshot v1, https://goo.gl/fbAQLP

exports[`Prueba en <HookApp/> debe de mostrar correctamente 1`] = `
<div>
  <h1>
    Hola mundo
  </h1>
</div>
`;
